FalderalSyntaxError: line 13: test body must be followed by expectation or test input
