--------------------------------
Total test runs: 13, failures: 0
--------------------------------
