--------------------------------
Total test runs: 0, failures: 0
--------------------------------
