--------------------------------
Total test runs: 10, failures: 0
--------------------------------
