--------------------------------
Total test runs: 3, failures: 0
--------------------------------
