FalderalLintingError: No functionalities were found in any of the test documents
