FAILED  : 

Demonstrate error expectation (Intentional fail.)

Location: test-new-format.markdown, line 55
Function: Cat
Impl    : shell command "python cat.py"
Body    : meow
Expected: error:
woof
Actual  : output:
meow

--------------------------------
Total test runs: 6, failures: 1
--------------------------------
