--------------------------------
Total test runs: 4, failures: 0
--------------------------------
