FalderalSyntaxError: line 14: test text must be followed by expectation or test input
