--------------------------------
Total test runs: 11, failures: 0
--------------------------------
