--------------------------------
Total test runs: 5, failures: 0
--------------------------------
