FalderalSyntaxError: line 13: functionality under test not specified
