--------------------------------
Total test runs: 6, failures: 0
--------------------------------
