FalderalSyntaxError: line 13: expectation must be preceded by test body or test input
