FalderalSyntaxError: line 10: functionality under test not specified
