--------------------------------
Total test runs: 1, failures: 0
--------------------------------
